job_start weissbart_tf64:P00:lasso:seed0
job_completed weissbart_tf64:P00:lasso:seed0 metric=0.10543951402510784
job_start weissbart_tf64:P00:elasticnet:seed0
job_completed weissbart_tf64:P00:elasticnet:seed0 metric=0.10572577740907098
job_start weissbart_tf64:P00:vlaai:seed0
job_completed weissbart_tf64:P00:vlaai:seed0 metric=0.08132087080623955
job_start weissbart_tf64:P00:happyquokka:seed0
job_completed weissbart_tf64:P00:happyquokka:seed0 metric=0.08569685795111738
job_start weissbart_tf64:P01:linear:seed0
job_completed weissbart_tf64:P01:linear:seed0 metric=0.045803683113870355
job_start weissbart_tf64:P01:lasso:seed0
job_completed weissbart_tf64:P01:lasso:seed0 metric=0.07935923374432896
job_start weissbart_tf64:P01:elasticnet:seed0
job_completed weissbart_tf64:P01:elasticnet:seed0 metric=0.08367361771471674
job_start weissbart_tf64:P01:vlaai:seed0
job_completed weissbart_tf64:P01:vlaai:seed0 metric=0.08182630281933458
job_start weissbart_tf64:P01:happyquokka:seed0
job_completed weissbart_tf64:P01:happyquokka:seed0 metric=0.03946283373509691
job_start weissbart_tf64:P02:linear:seed0
job_completed weissbart_tf64:P02:linear:seed0 metric=0.09132738143915838
job_start weissbart_tf64:P02:lasso:seed0
job_completed weissbart_tf64:P02:lasso:seed0 metric=0.10910393989759545
job_start weissbart_tf64:P02:elasticnet:seed0
job_completed weissbart_tf64:P02:elasticnet:seed0 metric=0.09831205753491948
job_start weissbart_tf64:P02:vlaai:seed0
job_completed weissbart_tf64:P02:vlaai:seed0 metric=0.11144597470627263
job_start weissbart_tf64:P02:happyquokka:seed0
job_completed weissbart_tf64:P02:happyquokka:seed0 metric=0.10791564070468398
job_start weissbart_tf64:P03:linear:seed0
job_completed weissbart_tf64:P03:linear:seed0 metric=0.11395624406070433
job_start weissbart_tf64:P03:lasso:seed0
job_completed weissbart_tf64:P03:lasso:seed0 metric=0.12861212396959545
job_start weissbart_tf64:P03:elasticnet:seed0
job_completed weissbart_tf64:P03:elasticnet:seed0 metric=0.13065897188938982
job_start weissbart_tf64:P03:vlaai:seed0
job_completed weissbart_tf64:P03:vlaai:seed0 metric=0.05708163502378872
job_start weissbart_tf64:P03:happyquokka:seed0
job_completed weissbart_tf64:P03:happyquokka:seed0 metric=0.1767197783543857
job_start weissbart_tf64:P04:linear:seed0
job_completed weissbart_tf64:P04:linear:seed0 metric=0.10658886322030268
job_start weissbart_tf64:P04:lasso:seed0
job_completed weissbart_tf64:P04:lasso:seed0 metric=0.11973510888137297
job_start weissbart_tf64:P04:elasticnet:seed0
job_completed weissbart_tf64:P04:elasticnet:seed0 metric=0.12294387139998404
job_start weissbart_tf64:P04:vlaai:seed0
job_completed weissbart_tf64:P04:vlaai:seed0 metric=0.10292963913186143
job_start weissbart_tf64:P04:happyquokka:seed0
job_completed weissbart_tf64:P04:happyquokka:seed0 metric=0.09180382032832883
job_start weissbart_tf64:P05:linear:seed0
job_completed weissbart_tf64:P05:linear:seed0 metric=0.09859802794889115
job_start weissbart_tf64:P05:lasso:seed0
job_completed weissbart_tf64:P05:lasso:seed0 metric=0.13072518490740795
job_start weissbart_tf64:P05:elasticnet:seed0
job_completed weissbart_tf64:P05:elasticnet:seed0 metric=0.1304355936780162
job_start weissbart_tf64:P05:vlaai:seed0
job_completed weissbart_tf64:P05:vlaai:seed0 metric=0.13152276223639855
job_start weissbart_tf64:P05:happyquokka:seed0
job_completed weissbart_tf64:P05:happyquokka:seed0 metric=0.19886248301210638
job_start weissbart_tf64:P06:linear:seed0
job_completed weissbart_tf64:P06:linear:seed0 metric=0.051471282986620376
job_start weissbart_tf64:P06:lasso:seed0
job_completed weissbart_tf64:P06:lasso:seed0 metric=0.054726549959807066
job_start weissbart_tf64:P06:elasticnet:seed0
job_completed weissbart_tf64:P06:elasticnet:seed0 metric=0.06002709546499239
job_start weissbart_tf64:P06:vlaai:seed0
job_completed weissbart_tf64:P06:vlaai:seed0 metric=-0.00432094181859644
job_start weissbart_tf64:P06:happyquokka:seed0
job_completed weissbart_tf64:P06:happyquokka:seed0 metric=0.01472662286508464
job_start weissbart_tf64:P07:linear:seed0
job_completed weissbart_tf64:P07:linear:seed0 metric=0.09184350723991225
job_start weissbart_tf64:P07:lasso:seed0
job_completed weissbart_tf64:P07:lasso:seed0 metric=0.08105590851383755
job_start weissbart_tf64:P07:elasticnet:seed0
job_completed weissbart_tf64:P07:elasticnet:seed0 metric=0.10969724371258649
job_start weissbart_tf64:P07:vlaai:seed0
job_completed weissbart_tf64:P07:vlaai:seed0 metric=0.045203574271906195
job_start weissbart_tf64:P07:happyquokka:seed0
job_completed weissbart_tf64:P07:happyquokka:seed0 metric=0.12446668873757773
job_start weissbart_tf64:P08:linear:seed0
job_completed weissbart_tf64:P08:linear:seed0 metric=0.06336599695831904
job_start weissbart_tf64:P08:lasso:seed0
job_completed weissbart_tf64:P08:lasso:seed0 metric=0.10744044016658015
job_start weissbart_tf64:P08:elasticnet:seed0
job_completed weissbart_tf64:P08:elasticnet:seed0 metric=0.08322809154812218
job_start weissbart_tf64:P08:vlaai:seed0
job_completed weissbart_tf64:P08:vlaai:seed0 metric=0.055231307701817195
job_start weissbart_tf64:P08:happyquokka:seed0
job_completed weissbart_tf64:P08:happyquokka:seed0 metric=0.01923296943669545
job_start weissbart_tf64:P09:linear:seed0
job_completed weissbart_tf64:P09:linear:seed0 metric=0.10312302386354676
job_start weissbart_tf64:P09:lasso:seed0
job_completed weissbart_tf64:P09:lasso:seed0 metric=0.13295334864061484
job_start weissbart_tf64:P09:elasticnet:seed0
job_completed weissbart_tf64:P09:elasticnet:seed0 metric=0.13459838178511133
job_start weissbart_tf64:P09:vlaai:seed0
job_completed weissbart_tf64:P09:vlaai:seed0 metric=0.13681227583680147
job_start weissbart_tf64:P09:happyquokka:seed0
job_completed weissbart_tf64:P09:happyquokka:seed0 metric=0.19232913054379605
job_start weissbart_tf64:P10:linear:seed0
job_completed weissbart_tf64:P10:linear:seed0 metric=0.09145687722601076
job_start weissbart_tf64:P10:lasso:seed0
job_completed weissbart_tf64:P10:lasso:seed0 metric=0.10720019917467097
job_start weissbart_tf64:P10:elasticnet:seed0
job_completed weissbart_tf64:P10:elasticnet:seed0 metric=0.10275775702201671
job_start weissbart_tf64:P10:vlaai:seed0
job_completed weissbart_tf64:P10:vlaai:seed0 metric=0.06537472826821693
job_start weissbart_tf64:P10:happyquokka:seed0
job_completed weissbart_tf64:P10:happyquokka:seed0 metric=0.08862443804057271
job_start weissbart_tf64:P11:linear:seed0
job_completed weissbart_tf64:P11:linear:seed0 metric=0.11542583465695497
job_start weissbart_tf64:P11:lasso:seed0
job_completed weissbart_tf64:P11:lasso:seed0 metric=0.13196177833280837
job_start weissbart_tf64:P11:elasticnet:seed0
job_completed weissbart_tf64:P11:elasticnet:seed0 metric=0.13331598979201378
job_start weissbart_tf64:P11:vlaai:seed0
job_completed weissbart_tf64:P11:vlaai:seed0 metric=0.05027721199330533
job_start weissbart_tf64:P11:happyquokka:seed0
job_completed weissbart_tf64:P11:happyquokka:seed0 metric=0.052175547321480144
job_start weissbart_tf64:P12:linear:seed0
job_completed weissbart_tf64:P12:linear:seed0 metric=0.13131834168122572
job_start weissbart_tf64:P12:lasso:seed0
job_completed weissbart_tf64:P12:lasso:seed0 metric=0.16914155612113527
job_start weissbart_tf64:P12:elasticnet:seed0
job_completed weissbart_tf64:P12:elasticnet:seed0 metric=0.16766181410204234
job_start weissbart_tf64:P12:vlaai:seed0
job_completed weissbart_tf64:P12:vlaai:seed0 metric=0.181706730058688
job_start weissbart_tf64:P12:happyquokka:seed0
job_completed weissbart_tf64:P12:happyquokka:seed0 metric=0.20810665133825332
