[2026-07-03 23:37:12] job_started
[2026-07-03 23:37:13] preload_done train_bytes=380524560 val_bytes=47545680 train_recordings=180 val_recordings=180
[2026-07-03 23:38:32] epoch=0 val_score=0.105081
[2026-07-03 23:39:53] epoch=1 val_score=0.115088
[2026-07-03 23:41:13] epoch=2 val_score=0.120401
[2026-07-03 23:42:31] epoch=3 val_score=0.118436
[2026-07-03 23:43:51] epoch=4 val_score=0.116761
[2026-07-03 23:45:11] epoch=5 val_score=0.120683
[2026-07-03 23:46:28] epoch=6 val_score=0.114993
[2026-07-03 23:47:46] epoch=7 val_score=0.116617
[2026-07-03 23:49:03] epoch=8 val_score=0.120149
[2026-07-03 23:50:20] epoch=9 val_score=0.114585
[2026-07-03 23:51:37] epoch=10 val_score=0.117466
[2026-07-03 23:52:54] epoch=11 val_score=0.118453
[2026-07-03 23:54:11] epoch=12 val_score=0.123327
[2026-07-03 23:55:29] epoch=13 val_score=0.117024
[2026-07-03 23:56:51] epoch=14 val_score=0.118452
[2026-07-03 23:58:09] epoch=15 val_score=0.113070
[2026-07-03 23:59:28] epoch=16 val_score=0.120693
[2026-07-04 00:00:45] epoch=17 val_score=0.117431
[2026-07-04 00:02:02] epoch=18 val_score=0.125447
[2026-07-04 00:03:19] epoch=19 val_score=0.122251
[2026-07-04 00:04:37] epoch=20 val_score=0.124731
[2026-07-04 00:05:54] epoch=21 val_score=0.125423
[2026-07-04 00:07:11] epoch=22 val_score=0.116287
[2026-07-04 00:08:29] epoch=23 val_score=0.118573
[2026-07-04 00:09:46] epoch=24 val_score=0.125589
[2026-07-04 00:11:07] epoch=25 val_score=0.121876
[2026-07-04 00:12:26] epoch=26 val_score=0.122078
[2026-07-04 00:13:43] epoch=27 val_score=0.121006
[2026-07-04 00:15:03] epoch=28 val_score=0.121309
[2026-07-04 00:16:23] epoch=29 val_score=0.123667
[2026-07-04 00:17:41] epoch=30 val_score=0.121626
[2026-07-04 00:18:58] epoch=31 val_score=0.115403
[2026-07-04 00:20:15] epoch=32 val_score=0.123303
[2026-07-04 00:21:32] epoch=33 val_score=0.124224
[2026-07-04 00:22:54] epoch=34 val_score=0.119101
[2026-07-04 00:22:54] test_prediction_done input_shape=[990, 64, 50] prediction_shape=[990] target_shape=[990]
[2026-07-04 00:22:55] job_completed total_seconds=2742.069120
