[2026-07-08 21:10:39] train_epoch_started epoch=1 max_epochs=100
[2026-07-08 21:12:03] val_epoch_completed epoch=1 val_score=0.058898933659656906
[2026-07-08 21:12:03] best_checkpoint_updated epoch=1 best_val_score=0.058898933659656906
[2026-07-08 21:12:03] train_epoch_started epoch=2 max_epochs=100
[2026-07-08 21:13:26] val_epoch_completed epoch=2 val_score=0.059576607384857996
[2026-07-08 21:13:26] best_checkpoint_updated epoch=2 best_val_score=0.059576607384857996
[2026-07-08 21:13:26] train_epoch_started epoch=3 max_epochs=100
[2026-07-08 21:14:50] val_epoch_completed epoch=3 val_score=0.06019194980926841
[2026-07-08 21:14:50] best_checkpoint_updated epoch=3 best_val_score=0.06019194980926841
[2026-07-08 21:14:50] train_epoch_started epoch=4 max_epochs=100
[2026-07-08 21:16:14] val_epoch_completed epoch=4 val_score=0.05410881436064301
[2026-07-08 21:16:14] train_epoch_started epoch=5 max_epochs=100
[2026-07-08 21:17:37] val_epoch_completed epoch=5 val_score=0.059772162724402736
[2026-07-08 21:17:37] train_epoch_started epoch=6 max_epochs=100
[2026-07-08 21:19:00] val_epoch_completed epoch=6 val_score=0.06166912173139281
[2026-07-08 21:19:00] best_checkpoint_updated epoch=6 best_val_score=0.06166912173139281
[2026-07-08 21:19:00] train_epoch_started epoch=7 max_epochs=100
[2026-07-08 21:20:24] val_epoch_completed epoch=7 val_score=0.05851589217973015
[2026-07-08 21:20:24] train_epoch_started epoch=8 max_epochs=100
[2026-07-08 21:21:47] val_epoch_completed epoch=8 val_score=0.05337417583614297
[2026-07-08 21:21:47] train_epoch_started epoch=9 max_epochs=100
[2026-07-08 21:23:10] val_epoch_completed epoch=9 val_score=0.0595810255210381
[2026-07-08 21:23:10] train_epoch_started epoch=10 max_epochs=100
[2026-07-08 21:24:34] val_epoch_completed epoch=10 val_score=0.06103108991301269
[2026-07-08 21:24:34] train_epoch_started epoch=11 max_epochs=100
[2026-07-08 21:25:57] val_epoch_completed epoch=11 val_score=0.06341582870700221
[2026-07-08 21:25:57] best_checkpoint_updated epoch=11 best_val_score=0.06341582870700221
[2026-07-08 21:25:57] train_epoch_started epoch=12 max_epochs=100
[2026-07-08 21:27:21] val_epoch_completed epoch=12 val_score=0.05864216754334848
[2026-07-08 21:27:21] train_epoch_started epoch=13 max_epochs=100
[2026-07-08 21:28:44] val_epoch_completed epoch=13 val_score=0.060954500863954306
[2026-07-08 21:28:44] train_epoch_started epoch=14 max_epochs=100
[2026-07-08 21:30:08] val_epoch_completed epoch=14 val_score=0.061964052636903945
[2026-07-08 21:30:08] train_epoch_started epoch=15 max_epochs=100
[2026-07-08 21:31:31] val_epoch_completed epoch=15 val_score=0.048700587118401015
[2026-07-08 21:31:31] train_epoch_started epoch=16 max_epochs=100
[2026-07-08 21:32:55] val_epoch_completed epoch=16 val_score=0.060673446783130205
[2026-07-08 21:32:55] train_epoch_started epoch=17 max_epochs=100
[2026-07-08 21:34:19] val_epoch_completed epoch=17 val_score=0.06304163591485121
[2026-07-08 21:34:19] train_epoch_started epoch=18 max_epochs=100
[2026-07-08 21:35:43] val_epoch_completed epoch=18 val_score=0.06210799996915739
[2026-07-08 21:35:43] train_epoch_started epoch=19 max_epochs=100
[2026-07-08 21:37:07] val_epoch_completed epoch=19 val_score=0.062027701068655
[2026-07-08 21:37:07] train_epoch_started epoch=20 max_epochs=100
[2026-07-08 21:38:30] val_epoch_completed epoch=20 val_score=0.059248902477702356
[2026-07-08 21:38:30] train_epoch_started epoch=21 max_epochs=100
[2026-07-08 21:39:54] val_epoch_completed epoch=21 val_score=0.06111842739197755
[2026-07-08 21:39:54] early_stopping_triggered epoch=21 best_epoch=10 best_val_score=0.06341582870700221
[2026-07-08 21:39:55] checkpoint_saved checkpoint_local_id=cross_dataset_source_only:fcnn:etard_tf64:seed0:best_epoch_10 checkpoint_path=local_checkpoints/cross_dataset/source_only/fcnn/etard_tf64/seed0/best_epoch_10.pt
