[2026-07-08 22:07:18] train_epoch_started epoch=1 max_epochs=100
[2026-07-08 22:07:21] val_epoch_completed epoch=1 val_score=0.15009717643260956
[2026-07-08 22:07:21] best_checkpoint_updated epoch=1 best_val_score=0.15009717643260956
[2026-07-08 22:07:21] train_epoch_started epoch=2 max_epochs=100
[2026-07-08 22:07:25] val_epoch_completed epoch=2 val_score=0.1494198441505432
[2026-07-08 22:07:25] train_epoch_started epoch=3 max_epochs=100
[2026-07-08 22:07:29] val_epoch_completed epoch=3 val_score=0.15006017684936523
[2026-07-08 22:07:29] train_epoch_started epoch=4 max_epochs=100
[2026-07-08 22:07:32] val_epoch_completed epoch=4 val_score=0.1478632688522339
[2026-07-08 22:07:32] train_epoch_started epoch=5 max_epochs=100
[2026-07-08 22:07:36] val_epoch_completed epoch=5 val_score=0.15074265003204346
[2026-07-08 22:07:36] best_checkpoint_updated epoch=5 best_val_score=0.15074265003204346
[2026-07-08 22:07:36] train_epoch_started epoch=6 max_epochs=100
[2026-07-08 22:07:40] val_epoch_completed epoch=6 val_score=0.14952443540096283
[2026-07-08 22:07:40] train_epoch_started epoch=7 max_epochs=100
[2026-07-08 22:07:44] val_epoch_completed epoch=7 val_score=0.148786261677742
[2026-07-08 22:07:44] train_epoch_started epoch=8 max_epochs=100
[2026-07-08 22:07:47] val_epoch_completed epoch=8 val_score=0.14936913549900055
[2026-07-08 22:07:47] train_epoch_started epoch=9 max_epochs=100
[2026-07-08 22:07:51] val_epoch_completed epoch=9 val_score=0.14985619485378265
[2026-07-08 22:07:51] train_epoch_started epoch=10 max_epochs=100
[2026-07-08 22:07:55] val_epoch_completed epoch=10 val_score=0.14921490848064423
[2026-07-08 22:07:55] train_epoch_started epoch=11 max_epochs=100
[2026-07-08 22:07:58] val_epoch_completed epoch=11 val_score=0.14849500358104706
[2026-07-08 22:07:58] train_epoch_started epoch=12 max_epochs=100
[2026-07-08 22:08:02] val_epoch_completed epoch=12 val_score=0.1468443125486374
[2026-07-08 22:08:02] train_epoch_started epoch=13 max_epochs=100
[2026-07-08 22:08:06] val_epoch_completed epoch=13 val_score=0.1446848213672638
[2026-07-08 22:08:06] train_epoch_started epoch=14 max_epochs=100
[2026-07-08 22:08:10] val_epoch_completed epoch=14 val_score=0.14693842828273773
[2026-07-08 22:08:10] train_epoch_started epoch=15 max_epochs=100
[2026-07-08 22:08:13] val_epoch_completed epoch=15 val_score=0.14718905091285706
[2026-07-08 22:08:13] early_stopping_triggered epoch=15 best_epoch=4 best_val_score=0.15074265003204346
[2026-07-08 22:08:13] checkpoint_saved checkpoint_local_id=cross_dataset_pooled10_target_calibration:adt:etard_tf64->weissbart_tf64:seed0:best_epoch_4 checkpoint_path=local_checkpoints/cross_dataset/pooled10_target_calibration/adt/etard_tf64/weissbart_tf64/seed0/best_epoch_4.pt
[2026-07-08 22:08:16] job_completed mean_pearson=0.08723348960221551 n_test_subjects=3
