[2026-07-08 21:40:57] train_epoch_started epoch=1 max_epochs=100
[2026-07-08 21:42:59] val_epoch_completed epoch=1 val_score=0.07685217633843422
[2026-07-08 21:42:59] best_checkpoint_updated epoch=1 best_val_score=0.07685217633843422
[2026-07-08 21:42:59] train_epoch_started epoch=2 max_epochs=100
[2026-07-08 21:45:00] val_epoch_completed epoch=2 val_score=0.08229091390967369
[2026-07-08 21:45:00] best_checkpoint_updated epoch=2 best_val_score=0.08229091390967369
[2026-07-08 21:45:00] train_epoch_started epoch=3 max_epochs=100
[2026-07-08 21:47:02] val_epoch_completed epoch=3 val_score=0.08710841834545135
[2026-07-08 21:47:02] best_checkpoint_updated epoch=3 best_val_score=0.08710841834545135
[2026-07-08 21:47:02] train_epoch_started epoch=4 max_epochs=100
[2026-07-08 21:49:03] val_epoch_completed epoch=4 val_score=0.08089515566825867
[2026-07-08 21:49:03] train_epoch_started epoch=5 max_epochs=100
[2026-07-08 21:51:04] val_epoch_completed epoch=5 val_score=0.08549543470144272
[2026-07-08 21:51:04] train_epoch_started epoch=6 max_epochs=100
[2026-07-08 21:53:06] val_epoch_completed epoch=6 val_score=0.08605305105447769
[2026-07-08 21:53:06] train_epoch_started epoch=7 max_epochs=100
[2026-07-08 21:55:07] val_epoch_completed epoch=7 val_score=0.08126364275813103
[2026-07-08 21:55:07] train_epoch_started epoch=8 max_epochs=100
[2026-07-08 21:57:08] val_epoch_completed epoch=8 val_score=0.07908330485224724
[2026-07-08 21:57:08] train_epoch_started epoch=9 max_epochs=100
[2026-07-08 21:59:09] val_epoch_completed epoch=9 val_score=0.08074057102203369
[2026-07-08 21:59:09] train_epoch_started epoch=10 max_epochs=100
[2026-07-08 22:01:11] val_epoch_completed epoch=10 val_score=0.07764847949147224
[2026-07-08 22:01:11] train_epoch_started epoch=11 max_epochs=100
[2026-07-08 22:03:12] val_epoch_completed epoch=11 val_score=0.0789510328322649
[2026-07-08 22:03:12] train_epoch_started epoch=12 max_epochs=100
[2026-07-08 22:05:13] val_epoch_completed epoch=12 val_score=0.07884390093386173
[2026-07-08 22:05:13] train_epoch_started epoch=13 max_epochs=100
[2026-07-08 22:07:14] val_epoch_completed epoch=13 val_score=0.07423385977745056
[2026-07-08 22:07:14] early_stopping_triggered epoch=13 best_epoch=2 best_val_score=0.08710841834545135
[2026-07-08 22:07:14] checkpoint_saved checkpoint_local_id=cross_dataset_source_only:adt:etard_tf64:seed0:best_epoch_2 checkpoint_path=local_checkpoints/cross_dataset/source_only/adt/etard_tf64/seed0/best_epoch_2.pt
