[2026-07-08 21:39:56] train_epoch_started epoch=1 max_epochs=100
[2026-07-08 21:39:58] val_epoch_completed epoch=1 val_score=0.08115737838670611
[2026-07-08 21:39:58] best_checkpoint_updated epoch=1 best_val_score=0.08115737838670611
[2026-07-08 21:39:58] train_epoch_started epoch=2 max_epochs=100
[2026-07-08 21:40:01] val_epoch_completed epoch=2 val_score=0.08442285786926125
[2026-07-08 21:40:01] best_checkpoint_updated epoch=2 best_val_score=0.08442285786926125
[2026-07-08 21:40:01] train_epoch_started epoch=3 max_epochs=100
[2026-07-08 21:40:04] val_epoch_completed epoch=3 val_score=0.08989051977793376
[2026-07-08 21:40:04] best_checkpoint_updated epoch=3 best_val_score=0.08989051977793376
[2026-07-08 21:40:04] train_epoch_started epoch=4 max_epochs=100
[2026-07-08 21:40:06] val_epoch_completed epoch=4 val_score=0.09214193777491649
[2026-07-08 21:40:06] best_checkpoint_updated epoch=4 best_val_score=0.09214193777491649
[2026-07-08 21:40:06] train_epoch_started epoch=5 max_epochs=100
[2026-07-08 21:40:09] val_epoch_completed epoch=5 val_score=0.09361829493233624
[2026-07-08 21:40:09] best_checkpoint_updated epoch=5 best_val_score=0.09361829493233624
[2026-07-08 21:40:09] train_epoch_started epoch=6 max_epochs=100
[2026-07-08 21:40:12] val_epoch_completed epoch=6 val_score=0.09554077692640324
[2026-07-08 21:40:12] best_checkpoint_updated epoch=6 best_val_score=0.09554077692640324
[2026-07-08 21:40:12] train_epoch_started epoch=7 max_epochs=100
[2026-07-08 21:40:15] val_epoch_completed epoch=7 val_score=0.09966875457515319
[2026-07-08 21:40:15] best_checkpoint_updated epoch=7 best_val_score=0.09966875457515319
[2026-07-08 21:40:15] train_epoch_started epoch=8 max_epochs=100
[2026-07-08 21:40:17] val_epoch_completed epoch=8 val_score=0.09907864212679367
[2026-07-08 21:40:17] train_epoch_started epoch=9 max_epochs=100
[2026-07-08 21:40:20] val_epoch_completed epoch=9 val_score=0.10086628003045917
[2026-07-08 21:40:20] best_checkpoint_updated epoch=9 best_val_score=0.10086628003045917
[2026-07-08 21:40:20] train_epoch_started epoch=10 max_epochs=100
[2026-07-08 21:40:23] val_epoch_completed epoch=10 val_score=0.10306371756208439
[2026-07-08 21:40:23] best_checkpoint_updated epoch=10 best_val_score=0.10306371756208439
[2026-07-08 21:40:23] train_epoch_started epoch=11 max_epochs=100
[2026-07-08 21:40:26] val_epoch_completed epoch=11 val_score=0.10267365805339068
[2026-07-08 21:40:26] train_epoch_started epoch=12 max_epochs=100
[2026-07-08 21:40:28] val_epoch_completed epoch=12 val_score=0.10385677682158227
[2026-07-08 21:40:28] best_checkpoint_updated epoch=12 best_val_score=0.10385677682158227
[2026-07-08 21:40:28] train_epoch_started epoch=13 max_epochs=100
[2026-07-08 21:40:31] val_epoch_completed epoch=13 val_score=0.10218225334150095
[2026-07-08 21:40:31] train_epoch_started epoch=14 max_epochs=100
[2026-07-08 21:40:34] val_epoch_completed epoch=14 val_score=0.1001179264470314
[2026-07-08 21:40:34] train_epoch_started epoch=15 max_epochs=100
[2026-07-08 21:40:36] val_epoch_completed epoch=15 val_score=0.09932877367828041
[2026-07-08 21:40:36] train_epoch_started epoch=16 max_epochs=100
[2026-07-08 21:40:39] val_epoch_completed epoch=16 val_score=0.09765776841474387
[2026-07-08 21:40:39] train_epoch_started epoch=17 max_epochs=100
[2026-07-08 21:40:42] val_epoch_completed epoch=17 val_score=0.09079344314523041
[2026-07-08 21:40:42] train_epoch_started epoch=18 max_epochs=100
[2026-07-08 21:40:44] val_epoch_completed epoch=18 val_score=0.08938161908493687
[2026-07-08 21:40:44] train_epoch_started epoch=19 max_epochs=100
[2026-07-08 21:40:47] val_epoch_completed epoch=19 val_score=0.08609120678738691
[2026-07-08 21:40:47] train_epoch_started epoch=20 max_epochs=100
[2026-07-08 21:40:50] val_epoch_completed epoch=20 val_score=0.08077133431409796
[2026-07-08 21:40:50] train_epoch_started epoch=21 max_epochs=100
[2026-07-08 21:40:53] val_epoch_completed epoch=21 val_score=0.08179362595061927
[2026-07-08 21:40:53] train_epoch_started epoch=22 max_epochs=100
[2026-07-08 21:40:55] val_epoch_completed epoch=22 val_score=0.08727584348525852
[2026-07-08 21:40:55] early_stopping_triggered epoch=22 best_epoch=11 best_val_score=0.10385677682158227
[2026-07-08 21:40:55] checkpoint_saved checkpoint_local_id=cross_dataset_pooled10_target_calibration:fcnn:etard_tf64->weissbart_tf64:seed0:best_epoch_11 checkpoint_path=local_checkpoints/cross_dataset/pooled10_target_calibration/fcnn/etard_tf64/weissbart_tf64/seed0/best_epoch_11.pt
[2026-07-08 21:40:56] job_completed mean_pearson=0.07677831652464254 n_test_subjects=3
