[2026-07-08 14:50:35] train_epoch_started epoch=1 max_epochs=100
[2026-07-08 14:52:04] val_epoch_completed epoch=1 val_score=0.06847171208692089
[2026-07-08 14:52:04] best_checkpoint_updated epoch=1 best_val_score=0.06847171208692089
[2026-07-08 14:52:04] train_epoch_started epoch=2 max_epochs=100
[2026-07-08 14:53:31] val_epoch_completed epoch=2 val_score=0.06944447671012313
[2026-07-08 14:53:31] best_checkpoint_updated epoch=2 best_val_score=0.06944447671012313
[2026-07-08 14:53:31] train_epoch_started epoch=3 max_epochs=100
[2026-07-08 14:54:58] val_epoch_completed epoch=3 val_score=0.07781575185945258
[2026-07-08 14:54:58] best_checkpoint_updated epoch=3 best_val_score=0.07781575185945258
[2026-07-08 14:54:58] train_epoch_started epoch=4 max_epochs=100
[2026-07-08 14:56:25] val_epoch_completed epoch=4 val_score=0.07002070329558592
[2026-07-08 14:56:25] train_epoch_started epoch=5 max_epochs=100
[2026-07-08 14:57:53] val_epoch_completed epoch=5 val_score=0.08103472415132273
[2026-07-08 14:57:53] best_checkpoint_updated epoch=5 best_val_score=0.08103472415132273
[2026-07-08 14:57:53] train_epoch_started epoch=6 max_epochs=100
[2026-07-08 14:59:20] val_epoch_completed epoch=6 val_score=0.07208592960523674
[2026-07-08 14:59:20] train_epoch_started epoch=7 max_epochs=100
[2026-07-08 15:00:47] val_epoch_completed epoch=7 val_score=0.07295894947742454
[2026-07-08 15:00:47] train_epoch_started epoch=8 max_epochs=100
[2026-07-08 15:02:15] val_epoch_completed epoch=8 val_score=0.0795267715191585
[2026-07-08 15:02:15] train_epoch_started epoch=9 max_epochs=100
[2026-07-08 15:03:42] val_epoch_completed epoch=9 val_score=0.07461451449466949
[2026-07-08 15:03:42] train_epoch_started epoch=10 max_epochs=100
[2026-07-08 15:05:09] val_epoch_completed epoch=10 val_score=0.07633749552389588
[2026-07-08 15:05:09] train_epoch_started epoch=11 max_epochs=100
[2026-07-08 15:06:36] val_epoch_completed epoch=11 val_score=0.07425054487393937
[2026-07-08 15:06:36] train_epoch_started epoch=12 max_epochs=100
[2026-07-08 15:08:03] val_epoch_completed epoch=12 val_score=0.07618671152777097
[2026-07-08 15:08:03] train_epoch_started epoch=13 max_epochs=100
[2026-07-08 15:09:30] val_epoch_completed epoch=13 val_score=0.07287052850952022
[2026-07-08 15:09:30] train_epoch_started epoch=14 max_epochs=100
[2026-07-08 15:10:57] val_epoch_completed epoch=14 val_score=0.07427509153494612
[2026-07-08 15:10:57] train_epoch_started epoch=15 max_epochs=100
[2026-07-08 15:12:25] val_epoch_completed epoch=15 val_score=0.07908885833312525
[2026-07-08 15:12:25] early_stopping_triggered epoch=15 best_epoch=4 best_val_score=0.08103472415132273
[2026-07-08 15:12:25] checkpoint_saved checkpoint_local_id=cross_dataset_source_only:eegnet:etard_tf64:seed0:best_epoch_4 checkpoint_path=local_checkpoints/cross_dataset/source_only/eegnet/etard_tf64/seed0/best_epoch_4.pt
