[2026-07-08 16:45:21] train_epoch_started epoch=1 max_epochs=100
[2026-07-08 16:45:24] val_epoch_completed epoch=1 val_score=0.11989320800057612
[2026-07-08 16:45:24] best_checkpoint_updated epoch=1 best_val_score=0.11989320800057612
[2026-07-08 16:45:24] train_epoch_started epoch=2 max_epochs=100
[2026-07-08 16:45:27] val_epoch_completed epoch=2 val_score=0.1257083013188094
[2026-07-08 16:45:27] best_checkpoint_updated epoch=2 best_val_score=0.1257083013188094
[2026-07-08 16:45:27] train_epoch_started epoch=3 max_epochs=100
[2026-07-08 16:45:30] val_epoch_completed epoch=3 val_score=0.12535225871639946
[2026-07-08 16:45:30] train_epoch_started epoch=4 max_epochs=100
[2026-07-08 16:45:32] val_epoch_completed epoch=4 val_score=0.131992597055311
[2026-07-08 16:45:32] best_checkpoint_updated epoch=4 best_val_score=0.131992597055311
[2026-07-08 16:45:32] train_epoch_started epoch=5 max_epochs=100
[2026-07-08 16:45:35] val_epoch_completed epoch=5 val_score=0.13607037610684833
[2026-07-08 16:45:35] best_checkpoint_updated epoch=5 best_val_score=0.13607037610684833
[2026-07-08 16:45:35] train_epoch_started epoch=6 max_epochs=100
[2026-07-08 16:45:38] val_epoch_completed epoch=6 val_score=0.14005806723920008
[2026-07-08 16:45:38] best_checkpoint_updated epoch=6 best_val_score=0.14005806723920008
[2026-07-08 16:45:38] train_epoch_started epoch=7 max_epochs=100
[2026-07-08 16:45:40] val_epoch_completed epoch=7 val_score=0.1378553392617808
[2026-07-08 16:45:40] train_epoch_started epoch=8 max_epochs=100
[2026-07-08 16:45:43] val_epoch_completed epoch=8 val_score=0.1397089152596891
[2026-07-08 16:45:43] train_epoch_started epoch=9 max_epochs=100
[2026-07-08 16:45:46] val_epoch_completed epoch=9 val_score=0.14237943897023797
[2026-07-08 16:45:46] best_checkpoint_updated epoch=9 best_val_score=0.14237943897023797
[2026-07-08 16:45:46] train_epoch_started epoch=10 max_epochs=100
[2026-07-08 16:45:49] val_epoch_completed epoch=10 val_score=0.14390054477068284
[2026-07-08 16:45:49] best_checkpoint_updated epoch=10 best_val_score=0.14390054477068284
[2026-07-08 16:45:49] train_epoch_started epoch=11 max_epochs=100
[2026-07-08 16:45:52] val_epoch_completed epoch=11 val_score=0.14347945107147098
[2026-07-08 16:45:52] train_epoch_started epoch=12 max_epochs=100
[2026-07-08 16:45:54] val_epoch_completed epoch=12 val_score=0.14530615302889296
[2026-07-08 16:45:54] best_checkpoint_updated epoch=12 best_val_score=0.14530615302889296
[2026-07-08 16:45:54] train_epoch_started epoch=13 max_epochs=100
[2026-07-08 16:45:57] val_epoch_completed epoch=13 val_score=0.14053992209179947
[2026-07-08 16:45:57] train_epoch_started epoch=14 max_epochs=100
[2026-07-08 16:46:00] val_epoch_completed epoch=14 val_score=0.14561157879264405
[2026-07-08 16:46:00] best_checkpoint_updated epoch=14 best_val_score=0.14561157879264405
[2026-07-08 16:46:00] train_epoch_started epoch=15 max_epochs=100
[2026-07-08 16:46:03] val_epoch_completed epoch=15 val_score=0.14077405489903563
[2026-07-08 16:46:03] train_epoch_started epoch=16 max_epochs=100
[2026-07-08 16:46:06] val_epoch_completed epoch=16 val_score=0.1402745060865224
[2026-07-08 16:46:06] train_epoch_started epoch=17 max_epochs=100
[2026-07-08 16:46:08] val_epoch_completed epoch=17 val_score=0.14063855241086762
[2026-07-08 16:46:08] train_epoch_started epoch=18 max_epochs=100
[2026-07-08 16:46:11] val_epoch_completed epoch=18 val_score=0.14413968625012785
[2026-07-08 16:46:11] train_epoch_started epoch=19 max_epochs=100
[2026-07-08 16:46:14] val_epoch_completed epoch=19 val_score=0.1450979487466005
[2026-07-08 16:46:14] train_epoch_started epoch=20 max_epochs=100
[2026-07-08 16:46:17] val_epoch_completed epoch=20 val_score=0.1430306058973656
[2026-07-08 16:46:17] train_epoch_started epoch=21 max_epochs=100
[2026-07-08 16:46:19] val_epoch_completed epoch=21 val_score=0.145828190279038
[2026-07-08 16:46:19] best_checkpoint_updated epoch=21 best_val_score=0.145828190279038
[2026-07-08 16:46:19] train_epoch_started epoch=22 max_epochs=100
[2026-07-08 16:46:22] val_epoch_completed epoch=22 val_score=0.1439954648570468
[2026-07-08 16:46:22] train_epoch_started epoch=23 max_epochs=100
[2026-07-08 16:46:25] val_epoch_completed epoch=23 val_score=0.14215638554499796
[2026-07-08 16:46:25] train_epoch_started epoch=24 max_epochs=100
[2026-07-08 16:46:28] val_epoch_completed epoch=24 val_score=0.14018615186796524
[2026-07-08 16:46:28] train_epoch_started epoch=25 max_epochs=100
[2026-07-08 16:46:30] val_epoch_completed epoch=25 val_score=0.14207106603619954
[2026-07-08 16:46:30] train_epoch_started epoch=26 max_epochs=100
[2026-07-08 16:46:33] val_epoch_completed epoch=26 val_score=0.14071929606143385
[2026-07-08 16:46:33] train_epoch_started epoch=27 max_epochs=100
[2026-07-08 16:46:36] val_epoch_completed epoch=27 val_score=0.1428245333615147
[2026-07-08 16:46:36] train_epoch_started epoch=28 max_epochs=100
[2026-07-08 16:46:39] val_epoch_completed epoch=28 val_score=0.14349153723257282
[2026-07-08 16:46:39] train_epoch_started epoch=29 max_epochs=100
[2026-07-08 16:46:42] val_epoch_completed epoch=29 val_score=0.14163705958829573
[2026-07-08 16:46:42] train_epoch_started epoch=30 max_epochs=100
[2026-07-08 16:46:44] val_epoch_completed epoch=30 val_score=0.14109029065002687
[2026-07-08 16:46:44] train_epoch_started epoch=31 max_epochs=100
[2026-07-08 16:46:47] val_epoch_completed epoch=31 val_score=0.13843412726419047
[2026-07-08 16:46:47] early_stopping_triggered epoch=31 best_epoch=20 best_val_score=0.145828190279038
[2026-07-08 16:46:47] checkpoint_saved checkpoint_local_id=cross_dataset_pooled10_target_calibration:eegnet:etard_tf64->weissbart_tf64:seed0:best_epoch_20 checkpoint_path=local_checkpoints/cross_dataset/pooled10_target_calibration/eegnet/etard_tf64/weissbart_tf64/seed0/best_epoch_20.pt
[2026-07-08 16:46:48] job_completed mean_pearson=0.10825005662843162 n_test_subjects=3
