[2026-07-08 20:59:46] train_epoch_started epoch=1 max_epochs=100
[2026-07-08 20:59:50] val_epoch_completed epoch=1 val_score=0.09824987983641525
[2026-07-08 20:59:50] best_checkpoint_updated epoch=1 best_val_score=0.09824987983641525
[2026-07-08 20:59:50] train_epoch_started epoch=2 max_epochs=100
[2026-07-08 20:59:53] val_epoch_completed epoch=2 val_score=0.10437380739410097
[2026-07-08 20:59:54] best_checkpoint_updated epoch=2 best_val_score=0.10437380739410097
[2026-07-08 20:59:54] train_epoch_started epoch=3 max_epochs=100
[2026-07-08 20:59:57] val_epoch_completed epoch=3 val_score=0.11312861546563606
[2026-07-08 20:59:57] best_checkpoint_updated epoch=3 best_val_score=0.11312861546563606
[2026-07-08 20:59:57] train_epoch_started epoch=4 max_epochs=100
[2026-07-08 21:00:01] val_epoch_completed epoch=4 val_score=0.1150595278168718
[2026-07-08 21:00:01] best_checkpoint_updated epoch=4 best_val_score=0.1150595278168718
[2026-07-08 21:00:01] train_epoch_started epoch=5 max_epochs=100
[2026-07-08 21:00:04] val_epoch_completed epoch=5 val_score=0.11891639869621334
[2026-07-08 21:00:04] best_checkpoint_updated epoch=5 best_val_score=0.11891639869621334
[2026-07-08 21:00:04] train_epoch_started epoch=6 max_epochs=100
[2026-07-08 21:00:08] val_epoch_completed epoch=6 val_score=0.12030391910423835
[2026-07-08 21:00:08] best_checkpoint_updated epoch=6 best_val_score=0.12030391910423835
[2026-07-08 21:00:08] train_epoch_started epoch=7 max_epochs=100
[2026-07-08 21:00:11] val_epoch_completed epoch=7 val_score=0.12304479947003226
[2026-07-08 21:00:11] best_checkpoint_updated epoch=7 best_val_score=0.12304479947003226
[2026-07-08 21:00:11] train_epoch_started epoch=8 max_epochs=100
[2026-07-08 21:00:15] val_epoch_completed epoch=8 val_score=0.11867943443357945
[2026-07-08 21:00:15] train_epoch_started epoch=9 max_epochs=100
[2026-07-08 21:00:19] val_epoch_completed epoch=9 val_score=0.12560216312607128
[2026-07-08 21:00:19] best_checkpoint_updated epoch=9 best_val_score=0.12560216312607128
[2026-07-08 21:00:19] train_epoch_started epoch=10 max_epochs=100
[2026-07-08 21:00:22] val_epoch_completed epoch=10 val_score=0.12491585866858562
[2026-07-08 21:00:22] train_epoch_started epoch=11 max_epochs=100
[2026-07-08 21:00:26] val_epoch_completed epoch=11 val_score=0.11878633497593304
[2026-07-08 21:00:26] train_epoch_started epoch=12 max_epochs=100
[2026-07-08 21:00:30] val_epoch_completed epoch=12 val_score=0.12090716532159908
[2026-07-08 21:00:30] train_epoch_started epoch=13 max_epochs=100
[2026-07-08 21:00:33] val_epoch_completed epoch=13 val_score=0.12024247635466358
[2026-07-08 21:00:33] train_epoch_started epoch=14 max_epochs=100
[2026-07-08 21:00:37] val_epoch_completed epoch=14 val_score=0.11978742402667801
[2026-07-08 21:00:37] train_epoch_started epoch=15 max_epochs=100
[2026-07-08 21:00:40] val_epoch_completed epoch=15 val_score=0.11849670545974125
[2026-07-08 21:00:40] train_epoch_started epoch=16 max_epochs=100
[2026-07-08 21:00:44] val_epoch_completed epoch=16 val_score=0.10896093662207325
[2026-07-08 21:00:44] train_epoch_started epoch=17 max_epochs=100
[2026-07-08 21:00:47] val_epoch_completed epoch=17 val_score=0.106955014836664
[2026-07-08 21:00:47] train_epoch_started epoch=18 max_epochs=100
[2026-07-08 21:00:51] val_epoch_completed epoch=18 val_score=0.10906260536285117
[2026-07-08 21:00:51] train_epoch_started epoch=19 max_epochs=100
[2026-07-08 21:00:55] val_epoch_completed epoch=19 val_score=0.111061710685802
[2026-07-08 21:00:55] early_stopping_triggered epoch=19 best_epoch=8 best_val_score=0.12560216312607128
[2026-07-08 21:00:55] checkpoint_saved checkpoint_local_id=cross_dataset_pooled10_target_calibration:fcnn:weissbart_tf64->etard_tf64:seed0:best_epoch_8 checkpoint_path=local_checkpoints/cross_dataset/pooled10_target_calibration/fcnn/weissbart_tf64/etard_tf64/seed0/best_epoch_8.pt
[2026-07-08 21:00:56] job_completed mean_pearson=0.06609375144318352 n_test_subjects=4
