[2026-07-08 14:31:17] train_epoch_started epoch=1 max_epochs=100
[2026-07-08 14:31:44] val_epoch_completed epoch=1 val_score=0.11564045944572265
[2026-07-08 14:31:44] best_checkpoint_updated epoch=1 best_val_score=0.11564045944572265
[2026-07-08 14:31:44] train_epoch_started epoch=2 max_epochs=100
[2026-07-08 14:32:10] val_epoch_completed epoch=2 val_score=0.12624024179089685
[2026-07-08 14:32:10] best_checkpoint_updated epoch=2 best_val_score=0.12624024179089685
[2026-07-08 14:32:10] train_epoch_started epoch=3 max_epochs=100
[2026-07-08 14:32:36] val_epoch_completed epoch=3 val_score=0.1273477695127628
[2026-07-08 14:32:36] best_checkpoint_updated epoch=3 best_val_score=0.1273477695127628
[2026-07-08 14:32:36] train_epoch_started epoch=4 max_epochs=100
[2026-07-08 14:33:02] val_epoch_completed epoch=4 val_score=0.12314586636835131
[2026-07-08 14:33:02] train_epoch_started epoch=5 max_epochs=100
[2026-07-08 14:33:28] val_epoch_completed epoch=5 val_score=0.14332639425190102
[2026-07-08 14:33:28] best_checkpoint_updated epoch=5 best_val_score=0.14332639425190102
[2026-07-08 14:33:28] train_epoch_started epoch=6 max_epochs=100
[2026-07-08 14:33:54] val_epoch_completed epoch=6 val_score=0.1280298312676364
[2026-07-08 14:33:54] train_epoch_started epoch=7 max_epochs=100
[2026-07-08 14:34:20] val_epoch_completed epoch=7 val_score=0.12377104856443175
[2026-07-08 14:34:20] train_epoch_started epoch=8 max_epochs=100
[2026-07-08 14:34:46] val_epoch_completed epoch=8 val_score=0.11330785843190448
[2026-07-08 14:34:46] train_epoch_started epoch=9 max_epochs=100
[2026-07-08 14:35:12] val_epoch_completed epoch=9 val_score=0.14131941235270992
[2026-07-08 14:35:12] train_epoch_started epoch=10 max_epochs=100
[2026-07-08 14:35:38] val_epoch_completed epoch=10 val_score=0.1331389151505548
[2026-07-08 14:35:38] train_epoch_started epoch=11 max_epochs=100
[2026-07-08 14:36:04] val_epoch_completed epoch=11 val_score=0.1303266586639501
[2026-07-08 14:36:04] train_epoch_started epoch=12 max_epochs=100
[2026-07-08 14:36:30] val_epoch_completed epoch=12 val_score=0.12879700412781075
[2026-07-08 14:36:30] train_epoch_started epoch=13 max_epochs=100
[2026-07-08 14:36:56] val_epoch_completed epoch=13 val_score=0.13520602444949528
[2026-07-08 14:36:56] train_epoch_started epoch=14 max_epochs=100
[2026-07-08 14:37:22] val_epoch_completed epoch=14 val_score=0.12945812969500647
[2026-07-08 14:37:22] train_epoch_started epoch=15 max_epochs=100
[2026-07-08 14:37:48] val_epoch_completed epoch=15 val_score=0.12704304339171485
[2026-07-08 14:37:48] early_stopping_triggered epoch=15 best_epoch=4 best_val_score=0.14332639425190102
[2026-07-08 14:37:48] checkpoint_saved checkpoint_local_id=cross_dataset_source_only:eegnet:weissbart_tf64:seed0:best_epoch_4 checkpoint_path=local_checkpoints/cross_dataset/source_only/eegnet/weissbart_tf64/seed0/best_epoch_4.pt
