[2026-07-08 16:33:11] train_epoch_started epoch=1 max_epochs=100
[2026-07-08 16:33:15] val_epoch_completed epoch=1 val_score=0.1359330220768849
[2026-07-08 16:33:15] best_checkpoint_updated epoch=1 best_val_score=0.1359330220768849
[2026-07-08 16:33:15] train_epoch_started epoch=2 max_epochs=100
[2026-07-08 16:33:19] val_epoch_completed epoch=2 val_score=0.14723056058088937
[2026-07-08 16:33:19] best_checkpoint_updated epoch=2 best_val_score=0.14723056058088937
[2026-07-08 16:33:19] train_epoch_started epoch=3 max_epochs=100
[2026-07-08 16:33:23] val_epoch_completed epoch=3 val_score=0.15121609220902124
[2026-07-08 16:33:23] best_checkpoint_updated epoch=3 best_val_score=0.15121609220902124
[2026-07-08 16:33:23] train_epoch_started epoch=4 max_epochs=100
[2026-07-08 16:33:26] val_epoch_completed epoch=4 val_score=0.15329494997859
[2026-07-08 16:33:26] best_checkpoint_updated epoch=4 best_val_score=0.15329494997859
[2026-07-08 16:33:26] train_epoch_started epoch=5 max_epochs=100
[2026-07-08 16:33:30] val_epoch_completed epoch=5 val_score=0.1545803622653087
[2026-07-08 16:33:30] best_checkpoint_updated epoch=5 best_val_score=0.1545803622653087
[2026-07-08 16:33:30] train_epoch_started epoch=6 max_epochs=100
[2026-07-08 16:33:34] val_epoch_completed epoch=6 val_score=0.15467089811960857
[2026-07-08 16:33:34] best_checkpoint_updated epoch=6 best_val_score=0.15467089811960857
[2026-07-08 16:33:34] train_epoch_started epoch=7 max_epochs=100
[2026-07-08 16:33:37] val_epoch_completed epoch=7 val_score=0.15624289909998576
[2026-07-08 16:33:37] best_checkpoint_updated epoch=7 best_val_score=0.15624289909998576
[2026-07-08 16:33:37] train_epoch_started epoch=8 max_epochs=100
[2026-07-08 16:33:41] val_epoch_completed epoch=8 val_score=0.1552369484057029
[2026-07-08 16:33:41] train_epoch_started epoch=9 max_epochs=100
[2026-07-08 16:33:45] val_epoch_completed epoch=9 val_score=0.15659401218096416
[2026-07-08 16:33:45] best_checkpoint_updated epoch=9 best_val_score=0.15659401218096416
[2026-07-08 16:33:45] train_epoch_started epoch=10 max_epochs=100
[2026-07-08 16:33:49] val_epoch_completed epoch=10 val_score=0.1582370185603698
[2026-07-08 16:33:49] best_checkpoint_updated epoch=10 best_val_score=0.1582370185603698
[2026-07-08 16:33:49] train_epoch_started epoch=11 max_epochs=100
[2026-07-08 16:33:52] val_epoch_completed epoch=11 val_score=0.16081479974091054
[2026-07-08 16:33:52] best_checkpoint_updated epoch=11 best_val_score=0.16081479974091054
[2026-07-08 16:33:52] train_epoch_started epoch=12 max_epochs=100
[2026-07-08 16:33:56] val_epoch_completed epoch=12 val_score=0.15678975246846677
[2026-07-08 16:33:56] train_epoch_started epoch=13 max_epochs=100
[2026-07-08 16:34:00] val_epoch_completed epoch=13 val_score=0.1578331131488085
[2026-07-08 16:34:00] train_epoch_started epoch=14 max_epochs=100
[2026-07-08 16:34:03] val_epoch_completed epoch=14 val_score=0.15978666345278422
[2026-07-08 16:34:03] train_epoch_started epoch=15 max_epochs=100
[2026-07-08 16:34:07] val_epoch_completed epoch=15 val_score=0.15996484669546288
[2026-07-08 16:34:07] train_epoch_started epoch=16 max_epochs=100
[2026-07-08 16:34:11] val_epoch_completed epoch=16 val_score=0.16128624298920233
[2026-07-08 16:34:11] best_checkpoint_updated epoch=16 best_val_score=0.16128624298920233
[2026-07-08 16:34:11] train_epoch_started epoch=17 max_epochs=100
[2026-07-08 16:34:14] val_epoch_completed epoch=17 val_score=0.16230361523727577
[2026-07-08 16:34:14] best_checkpoint_updated epoch=17 best_val_score=0.16230361523727577
[2026-07-08 16:34:14] train_epoch_started epoch=18 max_epochs=100
[2026-07-08 16:34:18] val_epoch_completed epoch=18 val_score=0.16376994674404463
[2026-07-08 16:34:18] best_checkpoint_updated epoch=18 best_val_score=0.16376994674404463
[2026-07-08 16:34:18] train_epoch_started epoch=19 max_epochs=100
[2026-07-08 16:34:22] val_epoch_completed epoch=19 val_score=0.16345150073369344
[2026-07-08 16:34:22] train_epoch_started epoch=20 max_epochs=100
[2026-07-08 16:34:25] val_epoch_completed epoch=20 val_score=0.16327241820593674
[2026-07-08 16:34:25] train_epoch_started epoch=21 max_epochs=100
[2026-07-08 16:34:29] val_epoch_completed epoch=21 val_score=0.1638579877714316
[2026-07-08 16:34:29] best_checkpoint_updated epoch=21 best_val_score=0.1638579877714316
[2026-07-08 16:34:29] train_epoch_started epoch=22 max_epochs=100
[2026-07-08 16:34:33] val_epoch_completed epoch=22 val_score=0.1625223750869433
[2026-07-08 16:34:33] train_epoch_started epoch=23 max_epochs=100
[2026-07-08 16:34:36] val_epoch_completed epoch=23 val_score=0.16487803515046834
[2026-07-08 16:34:36] best_checkpoint_updated epoch=23 best_val_score=0.16487803515046834
[2026-07-08 16:34:36] train_epoch_started epoch=24 max_epochs=100
[2026-07-08 16:34:40] val_epoch_completed epoch=24 val_score=0.1654208910961946
[2026-07-08 16:34:40] best_checkpoint_updated epoch=24 best_val_score=0.1654208910961946
[2026-07-08 16:34:40] train_epoch_started epoch=25 max_epochs=100
[2026-07-08 16:34:44] val_epoch_completed epoch=25 val_score=0.1681423452993234
[2026-07-08 16:34:44] best_checkpoint_updated epoch=25 best_val_score=0.1681423452993234
[2026-07-08 16:34:44] train_epoch_started epoch=26 max_epochs=100
[2026-07-08 16:34:48] val_epoch_completed epoch=26 val_score=0.16964040373762448
[2026-07-08 16:34:48] best_checkpoint_updated epoch=26 best_val_score=0.16964040373762448
[2026-07-08 16:34:48] train_epoch_started epoch=27 max_epochs=100
[2026-07-08 16:34:51] val_epoch_completed epoch=27 val_score=0.1656816855072975
[2026-07-08 16:34:51] train_epoch_started epoch=28 max_epochs=100
[2026-07-08 16:34:55] val_epoch_completed epoch=28 val_score=0.16801101192831994
[2026-07-08 16:34:55] train_epoch_started epoch=29 max_epochs=100
[2026-07-08 16:34:59] val_epoch_completed epoch=29 val_score=0.16816329763581356
[2026-07-08 16:34:59] train_epoch_started epoch=30 max_epochs=100
[2026-07-08 16:35:02] val_epoch_completed epoch=30 val_score=0.16976860084881384
[2026-07-08 16:35:02] best_checkpoint_updated epoch=30 best_val_score=0.16976860084881384
[2026-07-08 16:35:02] train_epoch_started epoch=31 max_epochs=100
[2026-07-08 16:35:06] val_epoch_completed epoch=31 val_score=0.1670157542452216
[2026-07-08 16:35:06] train_epoch_started epoch=32 max_epochs=100
[2026-07-08 16:35:10] val_epoch_completed epoch=32 val_score=0.16977582344164452
[2026-07-08 16:35:10] best_checkpoint_updated epoch=32 best_val_score=0.16977582344164452
[2026-07-08 16:35:10] train_epoch_started epoch=33 max_epochs=100
[2026-07-08 16:35:13] val_epoch_completed epoch=33 val_score=0.16961642013241848
[2026-07-08 16:35:13] train_epoch_started epoch=34 max_epochs=100
[2026-07-08 16:35:17] val_epoch_completed epoch=34 val_score=0.17202227140466372
[2026-07-08 16:35:17] best_checkpoint_updated epoch=34 best_val_score=0.17202227140466372
[2026-07-08 16:35:17] train_epoch_started epoch=35 max_epochs=100
[2026-07-08 16:35:21] val_epoch_completed epoch=35 val_score=0.17153477370738984
[2026-07-08 16:35:21] train_epoch_started epoch=36 max_epochs=100
[2026-07-08 16:35:24] val_epoch_completed epoch=36 val_score=0.16819329209004838
[2026-07-08 16:35:24] train_epoch_started epoch=37 max_epochs=100
[2026-07-08 16:35:28] val_epoch_completed epoch=37 val_score=0.16978051060189803
[2026-07-08 16:35:28] train_epoch_started epoch=38 max_epochs=100
[2026-07-08 16:35:32] val_epoch_completed epoch=38 val_score=0.17382456474006175
[2026-07-08 16:35:32] best_checkpoint_updated epoch=38 best_val_score=0.17382456474006175
[2026-07-08 16:35:32] train_epoch_started epoch=39 max_epochs=100
[2026-07-08 16:35:36] val_epoch_completed epoch=39 val_score=0.17457479902853568
[2026-07-08 16:35:36] best_checkpoint_updated epoch=39 best_val_score=0.17457479902853568
[2026-07-08 16:35:36] train_epoch_started epoch=40 max_epochs=100
[2026-07-08 16:35:39] val_epoch_completed epoch=40 val_score=0.17427322066699466
[2026-07-08 16:35:39] train_epoch_started epoch=41 max_epochs=100
[2026-07-08 16:35:43] val_epoch_completed epoch=41 val_score=0.17311100841810306
[2026-07-08 16:35:43] train_epoch_started epoch=42 max_epochs=100
[2026-07-08 16:35:47] val_epoch_completed epoch=42 val_score=0.16942383746306103
[2026-07-08 16:35:47] train_epoch_started epoch=43 max_epochs=100
[2026-07-08 16:35:50] val_epoch_completed epoch=43 val_score=0.16941722091287376
[2026-07-08 16:35:50] train_epoch_started epoch=44 max_epochs=100
[2026-07-08 16:35:54] val_epoch_completed epoch=44 val_score=0.16954348186651866
[2026-07-08 16:35:54] train_epoch_started epoch=45 max_epochs=100
[2026-07-08 16:35:57] val_epoch_completed epoch=45 val_score=0.1715529758638392
[2026-07-08 16:35:57] train_epoch_started epoch=46 max_epochs=100
[2026-07-08 16:36:01] val_epoch_completed epoch=46 val_score=0.17433947442720335
[2026-07-08 16:36:01] train_epoch_started epoch=47 max_epochs=100
[2026-07-08 16:36:05] val_epoch_completed epoch=47 val_score=0.17238788138298938
[2026-07-08 16:36:05] train_epoch_started epoch=48 max_epochs=100
[2026-07-08 16:36:08] val_epoch_completed epoch=48 val_score=0.17407050238301355
[2026-07-08 16:36:08] train_epoch_started epoch=49 max_epochs=100
[2026-07-08 16:36:12] val_epoch_completed epoch=49 val_score=0.17143869012361393
[2026-07-08 16:36:12] early_stopping_triggered epoch=49 best_epoch=38 best_val_score=0.17457479902853568
[2026-07-08 16:36:12] checkpoint_saved checkpoint_local_id=cross_dataset_pooled10_target_calibration:eegnet:weissbart_tf64->etard_tf64:seed0:best_epoch_38 checkpoint_path=local_checkpoints/cross_dataset/pooled10_target_calibration/eegnet/weissbart_tf64/etard_tf64/seed0/best_epoch_38.pt
[2026-07-08 16:36:13] job_completed mean_pearson=0.08721414366090581 n_test_subjects=4
