[2026-07-08 20:55:06] train_epoch_started epoch=1 max_epochs=100
[2026-07-08 20:55:31] val_epoch_completed epoch=1 val_score=0.10117890851989646
[2026-07-08 20:55:31] best_checkpoint_updated epoch=1 best_val_score=0.10117890851989646
[2026-07-08 20:55:31] train_epoch_started epoch=2 max_epochs=100
[2026-07-08 20:55:57] val_epoch_completed epoch=2 val_score=0.09782912824624057
[2026-07-08 20:55:57] train_epoch_started epoch=3 max_epochs=100
[2026-07-08 20:56:22] val_epoch_completed epoch=3 val_score=0.08065955209192531
[2026-07-08 20:56:22] train_epoch_started epoch=4 max_epochs=100
[2026-07-08 20:56:47] val_epoch_completed epoch=4 val_score=0.08507179854245021
[2026-07-08 20:56:47] train_epoch_started epoch=5 max_epochs=100
[2026-07-08 20:57:12] val_epoch_completed epoch=5 val_score=0.09404934753246348
[2026-07-08 20:57:12] train_epoch_started epoch=6 max_epochs=100
[2026-07-08 20:57:38] val_epoch_completed epoch=6 val_score=0.08259887529982671
[2026-07-08 20:57:38] train_epoch_started epoch=7 max_epochs=100
[2026-07-08 20:58:03] val_epoch_completed epoch=7 val_score=0.08392422434327931
[2026-07-08 20:58:03] train_epoch_started epoch=8 max_epochs=100
[2026-07-08 20:58:28] val_epoch_completed epoch=8 val_score=0.052957686418988584
[2026-07-08 20:58:28] train_epoch_started epoch=9 max_epochs=100
[2026-07-08 20:58:54] val_epoch_completed epoch=9 val_score=0.0677806402492369
[2026-07-08 20:58:54] train_epoch_started epoch=10 max_epochs=100
[2026-07-08 20:59:19] val_epoch_completed epoch=10 val_score=0.061346777971705485
[2026-07-08 20:59:19] train_epoch_started epoch=11 max_epochs=100
[2026-07-08 20:59:44] val_epoch_completed epoch=11 val_score=0.07448002471235292
[2026-07-08 20:59:44] early_stopping_triggered epoch=11 best_epoch=0 best_val_score=0.10117890851989646
[2026-07-08 20:59:45] checkpoint_saved checkpoint_local_id=cross_dataset_source_only:fcnn:weissbart_tf64:seed0:best_epoch_0 checkpoint_path=local_checkpoints/cross_dataset/source_only/fcnn/weissbart_tf64/seed0/best_epoch_0.pt
