[2026-07-08 21:08:34] train_epoch_started epoch=1 max_epochs=100
[2026-07-08 21:08:39] val_epoch_completed epoch=1 val_score=0.11814404278993607
[2026-07-08 21:08:39] best_checkpoint_updated epoch=1 best_val_score=0.11814404278993607
[2026-07-08 21:08:39] train_epoch_started epoch=2 max_epochs=100
[2026-07-08 21:08:44] val_epoch_completed epoch=2 val_score=0.1265859603881836
[2026-07-08 21:08:44] best_checkpoint_updated epoch=2 best_val_score=0.1265859603881836
[2026-07-08 21:08:44] train_epoch_started epoch=3 max_epochs=100
[2026-07-08 21:08:49] val_epoch_completed epoch=3 val_score=0.1286928504705429
[2026-07-08 21:08:49] best_checkpoint_updated epoch=3 best_val_score=0.1286928504705429
[2026-07-08 21:08:49] train_epoch_started epoch=4 max_epochs=100
[2026-07-08 21:08:54] val_epoch_completed epoch=4 val_score=0.13146930932998657
[2026-07-08 21:08:54] best_checkpoint_updated epoch=4 best_val_score=0.13146930932998657
[2026-07-08 21:08:54] train_epoch_started epoch=5 max_epochs=100
[2026-07-08 21:08:58] val_epoch_completed epoch=5 val_score=0.1317843496799469
[2026-07-08 21:08:58] best_checkpoint_updated epoch=5 best_val_score=0.1317843496799469
[2026-07-08 21:08:58] train_epoch_started epoch=6 max_epochs=100
[2026-07-08 21:09:03] val_epoch_completed epoch=6 val_score=0.1310262829065323
[2026-07-08 21:09:03] train_epoch_started epoch=7 max_epochs=100
[2026-07-08 21:09:08] val_epoch_completed epoch=7 val_score=0.13050253689289093
[2026-07-08 21:09:08] train_epoch_started epoch=8 max_epochs=100
[2026-07-08 21:09:13] val_epoch_completed epoch=8 val_score=0.13115495443344116
[2026-07-08 21:09:13] train_epoch_started epoch=9 max_epochs=100
[2026-07-08 21:09:18] val_epoch_completed epoch=9 val_score=0.1282217800617218
[2026-07-08 21:09:18] train_epoch_started epoch=10 max_epochs=100
[2026-07-08 21:09:23] val_epoch_completed epoch=10 val_score=0.13303589820861816
[2026-07-08 21:09:23] best_checkpoint_updated epoch=10 best_val_score=0.13303589820861816
[2026-07-08 21:09:23] train_epoch_started epoch=11 max_epochs=100
[2026-07-08 21:09:28] val_epoch_completed epoch=11 val_score=0.13028904795646667
[2026-07-08 21:09:28] train_epoch_started epoch=12 max_epochs=100
[2026-07-08 21:09:33] val_epoch_completed epoch=12 val_score=0.12436781823635101
[2026-07-08 21:09:33] train_epoch_started epoch=13 max_epochs=100
[2026-07-08 21:09:38] val_epoch_completed epoch=13 val_score=0.13307732343673706
[2026-07-08 21:09:38] best_checkpoint_updated epoch=13 best_val_score=0.13307732343673706
[2026-07-08 21:09:38] train_epoch_started epoch=14 max_epochs=100
[2026-07-08 21:09:43] val_epoch_completed epoch=14 val_score=0.13003957271575928
[2026-07-08 21:09:43] train_epoch_started epoch=15 max_epochs=100
[2026-07-08 21:09:48] val_epoch_completed epoch=15 val_score=0.12636595964431763
[2026-07-08 21:09:48] train_epoch_started epoch=16 max_epochs=100
[2026-07-08 21:09:52] val_epoch_completed epoch=16 val_score=0.12829671800136566
[2026-07-08 21:09:52] train_epoch_started epoch=17 max_epochs=100
[2026-07-08 21:09:57] val_epoch_completed epoch=17 val_score=0.1263308972120285
[2026-07-08 21:09:57] train_epoch_started epoch=18 max_epochs=100
[2026-07-08 21:10:02] val_epoch_completed epoch=18 val_score=0.12384366989135742
[2026-07-08 21:10:02] train_epoch_started epoch=19 max_epochs=100
[2026-07-08 21:10:07] val_epoch_completed epoch=19 val_score=0.12706735730171204
[2026-07-08 21:10:07] train_epoch_started epoch=20 max_epochs=100
[2026-07-08 21:10:12] val_epoch_completed epoch=20 val_score=0.12869864702224731
[2026-07-08 21:10:12] train_epoch_started epoch=21 max_epochs=100
[2026-07-08 21:10:17] val_epoch_completed epoch=21 val_score=0.1256449818611145
[2026-07-08 21:10:17] train_epoch_started epoch=22 max_epochs=100
[2026-07-08 21:10:22] val_epoch_completed epoch=22 val_score=0.1318865269422531
[2026-07-08 21:10:22] train_epoch_started epoch=23 max_epochs=100
[2026-07-08 21:10:27] val_epoch_completed epoch=23 val_score=0.12728901207447052
[2026-07-08 21:10:27] early_stopping_triggered epoch=23 best_epoch=12 best_val_score=0.13307732343673706
[2026-07-08 21:10:27] checkpoint_saved checkpoint_local_id=cross_dataset_pooled10_target_calibration:adt:weissbart_tf64->etard_tf64:seed0:best_epoch_12 checkpoint_path=local_checkpoints/cross_dataset/pooled10_target_calibration/adt/weissbart_tf64/etard_tf64/seed0/best_epoch_12.pt
[2026-07-08 21:10:36] job_completed mean_pearson=0.052950100850666634 n_test_subjects=4
