[2026-07-08 21:00:57] train_epoch_started epoch=1 max_epochs=100
[2026-07-08 21:01:34] val_epoch_completed epoch=1 val_score=0.09809043258428574
[2026-07-08 21:01:34] best_checkpoint_updated epoch=1 best_val_score=0.09809043258428574
[2026-07-08 21:01:34] train_epoch_started epoch=2 max_epochs=100
[2026-07-08 21:02:11] val_epoch_completed epoch=2 val_score=0.14738327264785767
[2026-07-08 21:02:11] best_checkpoint_updated epoch=2 best_val_score=0.14738327264785767
[2026-07-08 21:02:11] train_epoch_started epoch=3 max_epochs=100
[2026-07-08 21:02:49] val_epoch_completed epoch=3 val_score=0.12579356133937836
[2026-07-08 21:02:49] train_epoch_started epoch=4 max_epochs=100
[2026-07-08 21:03:26] val_epoch_completed epoch=4 val_score=0.14598339796066284
[2026-07-08 21:03:26] train_epoch_started epoch=5 max_epochs=100
[2026-07-08 21:04:03] val_epoch_completed epoch=5 val_score=0.14264173805713654
[2026-07-08 21:04:03] train_epoch_started epoch=6 max_epochs=100
[2026-07-08 21:04:41] val_epoch_completed epoch=6 val_score=0.1410253793001175
[2026-07-08 21:04:41] train_epoch_started epoch=7 max_epochs=100
[2026-07-08 21:05:18] val_epoch_completed epoch=7 val_score=0.11636920273303986
[2026-07-08 21:05:18] train_epoch_started epoch=8 max_epochs=100
[2026-07-08 21:05:55] val_epoch_completed epoch=8 val_score=0.13547936081886292
[2026-07-08 21:05:55] train_epoch_started epoch=9 max_epochs=100
[2026-07-08 21:06:32] val_epoch_completed epoch=9 val_score=0.10828698426485062
[2026-07-08 21:06:32] train_epoch_started epoch=10 max_epochs=100
[2026-07-08 21:07:10] val_epoch_completed epoch=10 val_score=0.13071461021900177
[2026-07-08 21:07:10] train_epoch_started epoch=11 max_epochs=100
[2026-07-08 21:07:47] val_epoch_completed epoch=11 val_score=0.1329888254404068
[2026-07-08 21:07:47] train_epoch_started epoch=12 max_epochs=100
[2026-07-08 21:08:24] val_epoch_completed epoch=12 val_score=0.13768990337848663
[2026-07-08 21:08:24] early_stopping_triggered epoch=12 best_epoch=1 best_val_score=0.14738327264785767
[2026-07-08 21:08:24] checkpoint_saved checkpoint_local_id=cross_dataset_source_only:adt:weissbart_tf64:seed0:best_epoch_1 checkpoint_path=local_checkpoints/cross_dataset/source_only/adt/weissbart_tf64/seed0/best_epoch_1.pt
