[2026-07-08 10:16:42] train_epoch_started epoch=1 max_epochs=100
[2026-07-08 10:17:09] val_epoch_completed epoch=1 val_score=0.09934519204824906
[2026-07-08 10:17:09] best_checkpoint_updated epoch=1 best_val_score=0.09934519204824906
[2026-07-08 10:17:09] train_epoch_started epoch=2 max_epochs=100
[2026-07-08 10:17:35] val_epoch_completed epoch=2 val_score=0.11117273606841677
[2026-07-08 10:17:35] best_checkpoint_updated epoch=2 best_val_score=0.11117273606841677
[2026-07-08 10:17:35] train_epoch_started epoch=3 max_epochs=100
[2026-07-08 10:18:01] val_epoch_completed epoch=3 val_score=0.13126198552420426
[2026-07-08 10:18:01] best_checkpoint_updated epoch=3 best_val_score=0.13126198552420426
[2026-07-08 10:18:01] train_epoch_started epoch=4 max_epochs=100
[2026-07-08 10:18:27] val_epoch_completed epoch=4 val_score=0.10330567027217355
[2026-07-08 10:18:27] train_epoch_started epoch=5 max_epochs=100
[2026-07-08 10:18:53] val_epoch_completed epoch=5 val_score=0.12981651272175126
[2026-07-08 10:18:53] train_epoch_started epoch=6 max_epochs=100
[2026-07-08 10:19:19] val_epoch_completed epoch=6 val_score=0.14680684789019668
[2026-07-08 10:19:19] best_checkpoint_updated epoch=6 best_val_score=0.14680684789019668
[2026-07-08 10:19:19] train_epoch_started epoch=7 max_epochs=100
[2026-07-08 10:19:45] val_epoch_completed epoch=7 val_score=0.13349041747378892
[2026-07-08 10:19:45] train_epoch_started epoch=8 max_epochs=100
[2026-07-08 10:20:11] val_epoch_completed epoch=8 val_score=0.12694845008182115
[2026-07-08 10:20:11] train_epoch_started epoch=9 max_epochs=100
[2026-07-08 10:20:38] val_epoch_completed epoch=9 val_score=0.11909056523541824
[2026-07-08 10:20:38] train_epoch_started epoch=10 max_epochs=100
[2026-07-08 10:21:04] val_epoch_completed epoch=10 val_score=0.1528923062332665
[2026-07-08 10:21:04] best_checkpoint_updated epoch=10 best_val_score=0.1528923062332665
[2026-07-08 10:21:04] train_epoch_started epoch=11 max_epochs=100
[2026-07-08 10:21:30] val_epoch_completed epoch=11 val_score=0.13556464101541146
[2026-07-08 10:21:30] train_epoch_started epoch=12 max_epochs=100
[2026-07-08 10:21:56] val_epoch_completed epoch=12 val_score=0.1401044831386414
[2026-07-08 10:21:56] train_epoch_started epoch=13 max_epochs=100
[2026-07-08 10:22:22] val_epoch_completed epoch=13 val_score=0.13503033097769165
[2026-07-08 10:22:22] train_epoch_started epoch=14 max_epochs=100
[2026-07-08 10:22:49] val_epoch_completed epoch=14 val_score=0.13440477950819607
[2026-07-08 10:22:49] train_epoch_started epoch=15 max_epochs=100
[2026-07-08 10:23:15] val_epoch_completed epoch=15 val_score=0.13848557595388386
[2026-07-08 10:23:15] train_epoch_started epoch=16 max_epochs=100
[2026-07-08 10:23:41] val_epoch_completed epoch=16 val_score=0.13288264727252053
[2026-07-08 10:23:41] train_epoch_started epoch=17 max_epochs=100
[2026-07-08 10:24:07] val_epoch_completed epoch=17 val_score=0.13425514501808533
[2026-07-08 10:24:07] train_epoch_started epoch=18 max_epochs=100
[2026-07-08 10:24:33] val_epoch_completed epoch=18 val_score=0.14674630651957002
[2026-07-08 10:24:33] train_epoch_started epoch=19 max_epochs=100
[2026-07-08 10:25:00] val_epoch_completed epoch=19 val_score=0.12879506832566753
[2026-07-08 10:25:00] train_epoch_started epoch=20 max_epochs=100
[2026-07-08 10:25:26] val_epoch_completed epoch=20 val_score=0.14197186368581807
[2026-07-08 10:25:26] early_stopping_triggered epoch=20 best_epoch=9 best_val_score=0.1528923062332665
[2026-07-08 10:25:26] checkpoint_saved checkpoint_local_id=cross_dataset_zero_shot:eegnet:weissbart_tf64->etard_tf64:seed0:best_epoch_9 checkpoint_path=local_checkpoints/cross_dataset/zero_shot/eegnet/weissbart_tf64/etard_tf64/seed0/best_epoch_9.pt
[2026-07-08 10:25:27] job_completed mean_pearson=0.07432260471052243 n_test_subjects=4
