[2026-07-06 21:33:17] source_checkpoint_loaded checkpoint_path=local_checkpoints/loso/eegnet/weissbart_tf64/P01/seed0/best_epoch_18.pt checkpoint_local_id=loso:eegnet:weissbart_tf64:P01:seed0:best_epoch_18
[2026-07-06 21:33:19] finetune_epoch_started epoch=1 max_epochs=100
[2026-07-06 21:33:23] finetune_val_epoch_completed epoch=1 val_score=0.14236339554190636
[2026-07-06 21:33:23] finetune_best_checkpoint_updated epoch=1 best_val_score=0.14236339554190636
[2026-07-06 21:33:23] finetune_epoch_started epoch=2 max_epochs=100
[2026-07-06 21:33:27] finetune_val_epoch_completed epoch=2 val_score=0.140551046654582
[2026-07-06 21:33:27] finetune_epoch_started epoch=3 max_epochs=100
[2026-07-06 21:33:31] finetune_val_epoch_completed epoch=3 val_score=0.1422350654999415
[2026-07-06 21:33:31] finetune_epoch_started epoch=4 max_epochs=100
[2026-07-06 21:33:35] finetune_val_epoch_completed epoch=4 val_score=0.1440150054792563
[2026-07-06 21:33:35] finetune_best_checkpoint_updated epoch=4 best_val_score=0.1440150054792563
[2026-07-06 21:33:35] finetune_epoch_started epoch=5 max_epochs=100
[2026-07-06 21:33:39] finetune_val_epoch_completed epoch=5 val_score=0.14502602914969126
[2026-07-06 21:33:39] finetune_best_checkpoint_updated epoch=5 best_val_score=0.14502602914969126
[2026-07-06 21:33:39] finetune_epoch_started epoch=6 max_epochs=100
[2026-07-06 21:33:43] finetune_val_epoch_completed epoch=6 val_score=0.1485736608505249
[2026-07-06 21:33:43] finetune_best_checkpoint_updated epoch=6 best_val_score=0.1485736608505249
[2026-07-06 21:33:43] finetune_epoch_started epoch=7 max_epochs=100
[2026-07-06 21:33:47] finetune_val_epoch_completed epoch=7 val_score=0.1482189322511355
[2026-07-06 21:33:47] finetune_epoch_started epoch=8 max_epochs=100
[2026-07-06 21:33:51] finetune_val_epoch_completed epoch=8 val_score=0.1481347401936849
[2026-07-06 21:33:51] finetune_epoch_started epoch=9 max_epochs=100
[2026-07-06 21:33:55] finetune_val_epoch_completed epoch=9 val_score=0.15005779763062796
[2026-07-06 21:33:55] finetune_best_checkpoint_updated epoch=9 best_val_score=0.15005779763062796
[2026-07-06 21:33:55] finetune_epoch_started epoch=10 max_epochs=100
[2026-07-06 21:33:58] finetune_val_epoch_completed epoch=10 val_score=0.1525879646341006
[2026-07-06 21:33:58] finetune_best_checkpoint_updated epoch=10 best_val_score=0.1525879646341006
[2026-07-06 21:33:58] finetune_epoch_started epoch=11 max_epochs=100
[2026-07-06 21:34:02] finetune_val_epoch_completed epoch=11 val_score=0.15179592470328013
[2026-07-06 21:34:02] finetune_epoch_started epoch=12 max_epochs=100
[2026-07-06 21:34:06] finetune_val_epoch_completed epoch=12 val_score=0.15254229108492534
[2026-07-06 21:34:06] finetune_epoch_started epoch=13 max_epochs=100
[2026-07-06 21:34:10] finetune_val_epoch_completed epoch=13 val_score=0.15341705332199732
[2026-07-06 21:34:10] finetune_best_checkpoint_updated epoch=13 best_val_score=0.15341705332199732
[2026-07-06 21:34:10] finetune_epoch_started epoch=14 max_epochs=100
[2026-07-06 21:34:14] finetune_val_epoch_completed epoch=14 val_score=0.15389847457408906
[2026-07-06 21:34:14] finetune_best_checkpoint_updated epoch=14 best_val_score=0.15389847457408906
[2026-07-06 21:34:14] finetune_epoch_started epoch=15 max_epochs=100
[2026-07-06 21:34:18] finetune_val_epoch_completed epoch=15 val_score=0.15573070993026097
[2026-07-06 21:34:18] finetune_best_checkpoint_updated epoch=15 best_val_score=0.15573070993026097
[2026-07-06 21:34:18] finetune_epoch_started epoch=16 max_epochs=100
[2026-07-06 21:34:22] finetune_val_epoch_completed epoch=16 val_score=0.15493952929973603
[2026-07-06 21:34:22] finetune_epoch_started epoch=17 max_epochs=100
[2026-07-06 21:34:26] finetune_val_epoch_completed epoch=17 val_score=0.1532833750049273
[2026-07-06 21:34:26] finetune_epoch_started epoch=18 max_epochs=100
[2026-07-06 21:34:30] finetune_val_epoch_completed epoch=18 val_score=0.15722074061632157
[2026-07-06 21:34:30] finetune_best_checkpoint_updated epoch=18 best_val_score=0.15722074061632157
[2026-07-06 21:34:30] finetune_epoch_started epoch=19 max_epochs=100
[2026-07-06 21:34:33] finetune_val_epoch_completed epoch=19 val_score=0.15632246285676957
[2026-07-06 21:34:33] finetune_epoch_started epoch=20 max_epochs=100
[2026-07-06 21:34:37] finetune_val_epoch_completed epoch=20 val_score=0.15682611366113028
[2026-07-06 21:34:37] finetune_epoch_started epoch=21 max_epochs=100
[2026-07-06 21:34:41] finetune_val_epoch_completed epoch=21 val_score=0.15949677576621374
[2026-07-06 21:34:41] finetune_best_checkpoint_updated epoch=21 best_val_score=0.15949677576621374
[2026-07-06 21:34:41] finetune_epoch_started epoch=22 max_epochs=100
[2026-07-06 21:34:45] finetune_val_epoch_completed epoch=22 val_score=0.1603572338819504
[2026-07-06 21:34:45] finetune_best_checkpoint_updated epoch=22 best_val_score=0.1603572338819504
[2026-07-06 21:34:45] finetune_epoch_started epoch=23 max_epochs=100
[2026-07-06 21:34:49] finetune_val_epoch_completed epoch=23 val_score=0.1576354384422302
[2026-07-06 21:34:49] finetune_epoch_started epoch=24 max_epochs=100
[2026-07-06 21:34:53] finetune_val_epoch_completed epoch=24 val_score=0.1593723401427269
[2026-07-06 21:34:53] finetune_epoch_started epoch=25 max_epochs=100
[2026-07-06 21:34:57] finetune_val_epoch_completed epoch=25 val_score=0.16050990571578344
[2026-07-06 21:34:57] finetune_best_checkpoint_updated epoch=25 best_val_score=0.16050990571578344
[2026-07-06 21:34:57] finetune_epoch_started epoch=26 max_epochs=100
[2026-07-06 21:35:01] finetune_val_epoch_completed epoch=26 val_score=0.16233311990896862
[2026-07-06 21:35:01] finetune_best_checkpoint_updated epoch=26 best_val_score=0.16233311990896862
[2026-07-06 21:35:01] finetune_epoch_started epoch=27 max_epochs=100
[2026-07-06 21:35:05] finetune_val_epoch_completed epoch=27 val_score=0.15906736354033152
[2026-07-06 21:35:05] finetune_epoch_started epoch=28 max_epochs=100
[2026-07-06 21:35:09] finetune_val_epoch_completed epoch=28 val_score=0.15837717652320862
[2026-07-06 21:35:09] finetune_epoch_started epoch=29 max_epochs=100
[2026-07-06 21:35:12] finetune_val_epoch_completed epoch=29 val_score=0.15816673636436462
[2026-07-06 21:35:12] finetune_epoch_started epoch=30 max_epochs=100
[2026-07-06 21:35:16] finetune_val_epoch_completed epoch=30 val_score=0.1603805551926295
[2026-07-06 21:35:16] finetune_epoch_started epoch=31 max_epochs=100
[2026-07-06 21:35:20] finetune_val_epoch_completed epoch=31 val_score=0.16197575281063717
[2026-07-06 21:35:20] finetune_epoch_started epoch=32 max_epochs=100
[2026-07-06 21:35:24] finetune_val_epoch_completed epoch=32 val_score=0.15942748089631398
[2026-07-06 21:35:24] finetune_epoch_started epoch=33 max_epochs=100
[2026-07-06 21:35:28] finetune_val_epoch_completed epoch=33 val_score=0.15971303929885228
[2026-07-06 21:35:28] finetune_epoch_started epoch=34 max_epochs=100
[2026-07-06 21:35:32] finetune_val_epoch_completed epoch=34 val_score=0.15989601065715153
[2026-07-06 21:35:32] finetune_epoch_started epoch=35 max_epochs=100
[2026-07-06 21:35:36] finetune_val_epoch_completed epoch=35 val_score=0.15815543482700983
[2026-07-06 21:35:36] finetune_epoch_started epoch=36 max_epochs=100
[2026-07-06 21:35:40] finetune_val_epoch_completed epoch=36 val_score=0.15949131945768993
[2026-07-06 21:35:40] finetune_early_stopping epoch=36 best_epoch=26 best_val_score=0.16233311990896862
[2026-07-06 21:35:40] finetune_checkpoint_saved checkpoint_local_id=finetune:eegnet:weissbart_tf64:P01:seed0:best_epoch_25 checkpoint_path=local_checkpoints/finetune/eegnet/weissbart_tf64/P01/seed0/best_epoch_25.pt best_epoch=25 best_val_score=0.16233311990896862
[2026-07-06 21:36:00] job_completed checkpoint_local_id=finetune:eegnet:weissbart_tf64:P01:seed0:best_epoch_25 loso_subset_metric=0.07957373358593359 finetune_metric=0.11290686684664797 main_delta=0.03333313326071438
